=== RUN   TestIT01_Login_MalformedJSON
    integration_test.go:110: TC-IT-01 PASS: Malformed JSON body correctly rejected with 400
--- PASS: TestIT01_Login_MalformedJSON (0.00s)
=== RUN   TestIT02_Login_EmptyBody
    integration_test.go:131: TC-IT-02 PASS: Missing required fields correctly rejected with 400
--- PASS: TestIT02_Login_EmptyBody (0.00s)
=== RUN   TestIT03_Logout_ReturnsOKWithMessage
    integration_test.go:160: TC-IT-03 PASS: Logout returns 200 dengan message 'Logout successful!'
--- PASS: TestIT03_Logout_ReturnsOKWithMessage (0.00s)
=== RUN   TestIT04_GetVillagers_NoCookie_Unauthorized
    integration_test.go:179: TC-IT-04 PASS: GET /api/villagers/ tanpa cookie ΓåÆ 401 Unauthorized
--- PASS: TestIT04_GetVillagers_NoCookie_Unauthorized (0.00s)
=== RUN   TestIT05_GetVillagers_InvalidToken_Unauthorized
    integration_test.go:200: TC-IT-05 PASS: GET /api/villagers/ dengan token invalid ΓåÆ 401 Unauthorized
--- PASS: TestIT05_GetVillagers_InvalidToken_Unauthorized (0.00s)
=== RUN   TestIT06_CreateVillager_NoCookie_Unauthorized
    integration_test.go:222: TC-IT-06 PASS: POST /api/villagers/ tanpa cookie ΓåÆ 401 Unauthorized
--- PASS: TestIT06_CreateVillager_NoCookie_Unauthorized (0.00s)
=== RUN   TestIT07_GetVillagerByNIK_NoCookie_Unauthorized
    integration_test.go:241: TC-IT-07 PASS: GET /api/villagers/:nik tanpa cookie ΓåÆ 401 Unauthorized
--- PASS: TestIT07_GetVillagerByNIK_NoCookie_Unauthorized (0.00s)
=== RUN   TestIT08_UnknownRoute_NotFound
    integration_test.go:257: TC-IT-08 FAIL: expected 404, got 500
--- FAIL: TestIT08_UnknownRoute_NotFound (0.00s)
FAIL
FAIL	Apps-I_Desa_Backend	3.178s
FAIL
